// Jest Snapshot v1, https://goo.gl/fbAQLP

exports[`Test test1: getCompletionBySyntax 1`] = `
Array [
  Object {
    "documentation": "Endevor SCL keyword",
    "kind": 1,
    "label": "ACTION",
  },
  Object {
    "documentation": "Endevor SCL keyword",
    "kind": 1,
    "label": "BUILD",
  },
  Object {
    "documentation": "Endevor SCL keyword",
    "kind": 1,
    "label": "FROM",
  },
  Object {
    "documentation": "Endevor SCL keyword",
    "kind": 1,
    "label": "OPTIONS",
  },
  Object {
    "documentation": "Endevor SCL keyword",
    "kind": 1,
    "label": "STOPRC",
  },
  Object {
    "documentation": "Endevor SCL keyword",
    "kind": 1,
    "label": "TO",
  },
  Object {
    "documentation": "Endevor SCL keyword",
    "kind": 1,
    "label": "WHERE",
  },
]
`;

exports[`Test test2: getCompletionBySyntax 1`] = `
Array [
  Object {
    "documentation": "Endevor SCL keyword",
    "kind": 1,
    "label": "ACTION",
  },
  Object {
    "documentation": "Endevor SCL keyword",
    "kind": 1,
    "label": "BUILD",
  },
  Object {
    "documentation": "Endevor SCL keyword",
    "kind": 1,
    "label": "FROM",
  },
  Object {
    "documentation": "Endevor SCL keyword",
    "kind": 1,
    "label": "OPTIONS",
  },
  Object {
    "documentation": "Endevor SCL keyword",
    "kind": 1,
    "label": "STOPRC",
  },
  Object {
    "documentation": "Endevor SCL keyword",
    "kind": 1,
    "label": "TO",
  },
  Object {
    "documentation": "Endevor SCL keyword",
    "kind": 1,
    "label": "WHERE",
  },
]
`;

exports[`Test test2: getCompletionBySyntax 2`] = `
Array [
  Object {
    "documentation": "Endevor SCL keyword",
    "kind": 1,
    "label": "ADD",
  },
  Object {
    "documentation": "Endevor SCL keyword",
    "kind": 1,
    "label": "ARCHIVE",
  },
  Object {
    "documentation": "Endevor SCL keyword",
    "kind": 1,
    "label": "COPY",
  },
  Object {
    "documentation": "Endevor SCL keyword",
    "kind": 1,
    "label": "DELETE",
  },
  Object {
    "documentation": "Endevor SCL keyword",
    "kind": 1,
    "label": "GENERATE",
  },
  Object {
    "documentation": "Endevor SCL keyword",
    "kind": 1,
    "label": "LIST",
  },
  Object {
    "documentation": "Endevor SCL keyword",
    "kind": 1,
    "label": "MOVE",
  },
  Object {
    "documentation": "Endevor SCL keyword",
    "kind": 1,
    "label": "PRINT",
  },
  Object {
    "documentation": "Endevor SCL keyword",
    "kind": 1,
    "label": "RESTORE",
  },
  Object {
    "documentation": "Endevor SCL keyword",
    "kind": 1,
    "label": "RETRIEVE",
  },
  Object {
    "documentation": "Endevor SCL keyword",
    "kind": 1,
    "label": "SIGNIN",
  },
  Object {
    "documentation": "Endevor SCL keyword",
    "kind": 1,
    "label": "TRANSFER",
  },
  Object {
    "documentation": "Endevor SCL keyword",
    "kind": 1,
    "label": "UPDATE",
  },
  Object {
    "documentation": "Endevor SCL keyword",
    "kind": 1,
    "label": "VALIDATE",
  },
]
`;
